2025-07-29 17:48:37 - Epoch: 39 - PPL: 7.36 - BLEU: 12.49
